using exact supplied riffdbd: /tmp/wp749-clean-measure-inputs/current-riffdbd
using exact supplied app-baseline runner: /tmp/wp749-clean-measure-inputs/riffdb-app-baseline
running app baseline (full)
load phase: RiffDB only (PostgreSQL phase already finished)
[riffdbd-stderr] riffdb-process-memory-baseline-v1
[riffdbd-stderr] [riffdbd-diag] trigger=startup clean_close_fast=false decline=engine_initialized_at_open (full validation pass; cost scales with retained history)
[riffdbd-stderr] riffdb-startup-stages-v1	mode=complete_validation	store_open=20552	evidence_begin=129	structural_drain=72	catalog_history=22	evidence_finish=18	port_activation=18335	current_views=19	consumer_recovery=4	outbox_recovery=11	graph_rest=10778	process_to_ready=89086	transient_index_rebuilds=1	population_table_walk=observed	columnar_cold_sources=0	columnar_activations=0	columnar_population_passes=0
[riffdbd-stderr] riffdb-shutdown-progress-v1	stage=service_jobs_idle	phase=begin	elapsed_us=0
[riffdbd-stderr] riffdb-shutdown-progress-v1	stage=service_jobs_idle	phase=complete	elapsed_us=0
[riffdbd-stderr] riffdb-shutdown-progress-v1	stage=exact_text_worker	phase=begin	elapsed_us=0
[riffdbd-stderr] riffdb-shutdown-progress-v1	stage=exact_text_worker	phase=complete	elapsed_us=26
[riffdbd-stderr] riffdb-shutdown-progress-v1	stage=columnar_worker	phase=begin	elapsed_us=0
[riffdbd-stderr] riffdb-shutdown-progress-v1	stage=columnar_worker	phase=complete	elapsed_us=29
[riffdbd-stderr] riffdb-shutdown-progress-v1	stage=projection_worker	phase=begin	elapsed_us=0
[riffdbd-stderr] riffdb-shutdown-progress-v1	stage=projection_worker	phase=complete	elapsed_us=35
[riffdbd-stderr] riffdb-shutdown-progress-v1	stage=notifications	phase=begin	elapsed_us=0
[riffdbd-stderr] riffdb-shutdown-progress-v1	stage=notifications	phase=complete	elapsed_us=0
[riffdbd-stderr] riffdb-shutdown-progress-v1	stage=coordinator	phase=begin	elapsed_us=0
[riffdbd-stderr] riffdb-shutdown-progress-v1	stage=coordinator	phase=complete	elapsed_us=275
[riffdbd-stderr] riffdb-shutdown-progress-v1	stage=blocking_ports	phase=begin	elapsed_us=0
[riffdbd-stderr] riffdb-shutdown-progress-v1	stage=blocking_ports	phase=complete	elapsed_us=98
[riffdbd-stderr] riffdb-shutdown-progress-v1	stage=validated_prefix_checkpoint_write	phase=begin	elapsed_us=0
[riffdbd-stderr] riffdb-shutdown-progress-v1	stage=validated_prefix_checkpoint_write	phase=complete	elapsed_us=20330
[riffdbd-stderr] riffdb-shutdown-progress-v1	stage=graph_storage_release	phase=begin	elapsed_us=0
[riffdbd-stderr] riffdb-shutdown-progress-v1	stage=graph_storage_release	phase=complete	elapsed_us=4742
riffdb-write-completion-groups-v1	0,0,0,0,0,0,0,0,0,0,0,0,0,0,0,0,0,0,0,0,0,0,0,0,0,0,0,0,0,0,0,0,0,0,0,0,0,0,0,0,0,0,0,0,0,0,0,0,0,0,0,0,0,0,0,0,0,0,0,0,0,0,0,0,0,0,0,0,0,0,0,0,0,0,0,0,0,0,0,0,0,0,0,0,0,0,0,0,0,0,0,0,0,0,0,0,0,0,0,0,0,0,0,0,0,0,0,0,0,0,0,0,0,0,0,0,0,0,0,0,0,0,0,0,0,0,0,0,0,0,0,0,0,0,0,0,0,0,0,0,0,0,0,0,0,0,0,0,0,0,0,0,0,0,0,0,0,0,0,0,0,0,0,0,0,0,0,0,0,0,0,0,0,0,0,0,0,0,0,0,0,0,0,0,0,0,0,0,0,0,0,0,0,0,0,0,0,0,0,0,0,0,0,0,0,0,0,0,0,0,0,0,0,0,0,0,0,0,0,0,0,0,0,0,0,0,0,0,0,0,0,0,0,0,0,0,0,0,0,0,0,0,0,0,0,0,0,0,0,0,0,0,0,0,0,0
[riffdbd-stderr] riffdb-shutdown-stage-labels-v1	service_jobs_idle,exact_text_worker,columnar_worker,projection_worker,notifications,coordinator,blocking_ports,validated_prefix_checkpoint_write
[riffdbd-stderr] riffdb-graceful-checkpoint-close-v1	left_stale	clean_committed	15305,22,4995
[riffdbd-stderr] riffdb-shutdown-release-v1	graph_storage_release=4742	post_graph_release=0	columnar_activations=0	columnar_population_passes=0
riffdb-dispatch-reasons-v1	0,0,2,0
riffdb-shutdown-stages-v1	20865	0,26,29,35,0,275,98,20330
riffdb-read-stages-v1	transport_adapt:0:0:0,0,0,0,0,0,0,0,0,0,0,0,0,0,0,0;authn:0:0:0,0,0,0,0,0,0,0,0,0,0,0,0,0,0,0;admission_context:0:0:0,0,0,0,0,0,0,0,0,0,0,0,0,0,0,0;spawn_dispatch:0:0:0,0,0,0,0,0,0,0,0,0,0,0,0,0,0,0;plan_lookup:0:0:0,0,0,0,0,0,0,0,0,0,0,0,0,0,0,0;param_materialize:0:0:0,0,0,0,0,0,0,0,0,0,0,0,0,0,0,0;authorize_begin:0:0:0,0,0,0,0,0,0,0,0,0,0,0,0,0,0,0;authorize_pre:0:0:0,0,0,0,0,0,0,0,0,0,0,0,0,0,0,0;execute:0:0:0,0,0,0,0,0,0,0,0,0,0,0,0,0,0,0;authorize_post:0:0:0,0,0,0,0,0,0,0,0,0,0,0,0,0,0,0;response_build:0:0:0,0,0,0,0,0,0,0,0,0,0,0,0,0,0,0;encode_convert:0:0:0,0,0,0,0,0,0,0,0,0,0,0,0,0,0,0;audit_finish:0:0:0,0,0,0,0,0,0,0,0,0,0,0,0,0,0,0;service_await:0:0:0,0,0,0,0,0,0,0,0,0,0,0,0,0,0,0;server_handler:0:0:0,0,0,0,0,0,0,0,0,0,0,0,0,0,0,0
riffdb-write-service-stages-v1	transport_adapt:0:0:0,0,0,0,0,0,0,0,0,0,0,0,0,0,0,0;service_prepare:0:0:0,0,0,0,0,0,0,0,0,0,0,0,0,0,0,0;coordinator_await:0:0:0,0,0,0,0,0,0,0,0,0,0,0,0,0,0,0;service_finish:0:0:0,0,0,0,0,0,0,0,0,0,0,0,0,0,0,0;encode_convert:0:0:0,0,0,0,0,0,0,0,0,0,0,0,0,0,0,0
riffdb-command-stages-v1	admission:0:0:0,0,0,0,0,0,0,0,0,0,0,0,0,0,0,0;compatibility:0:0:0,0,0,0,0,0,0,0,0,0,0,0,0,0,0,0;evaluation:0:0:0,0,0,0,0,0,0,0,0,0,0,0,0,0,0,0;validation_encoding_staging:0:0:0,0,0,0,0,0,0,0,0,0,0,0,0,0,0,0;publication:0:0:0,0,0,0,0,0,0,0,0,0,0,0,0,0,0,0
riffdb-writer-evidence-v1	busy_us=57157;idle_us=7430;dispatch_selected=2;dispatch_deferred=0;dispatch_deferred_max=0;compatibility_selected=0;compatibility_groups=0;compatibility_conflict_key_splits=0;compatibility_exact_access_splits=0;compatibility_commutative_shared_groups=0;queue_delay_estimate_us=9187;prepared_epoch_rollbacks=0;prepared_epoch_proof_mismatches=0;frontier_equivalence_checks=0;frontier_equivalence_failures=0	commit_us:0:0:0,0,0,0,0,0,0,0,0,0,0,0,0,0,0,0;flush_us:0:0:0,0,0,0,0,0,0,0,0,0,0,0,0,0,0,0;batch_size:0:0:0,0,0,0,0,0,0,0,0,0,0,0,0,0,0,0;storage_queue_us:0:0:0,0,0,0,0,0,0,0,0,0,0,0,0,0,0,0;group_residence_us:2:2:0,2,2,2,2,2,2,2,2,2,2,2,2,2,2,2;final_apply_us:0:0:0,0,0,0,0,0,0,0,0,0,0,0,0,0,0,0;journal_submit_us:0:0:0,0,0,0,0,0,0,0,0,0,0,0,0,0,0,0;preparation_pool_depth:0:0:0,0,0,0,0,0,0,0,0,0,0,0,0,0,0,0;reorder_buffer_occupancy:0:0:0,0,0,0,0,0,0,0,0,0,0,0,0,0,0,0
riffdb-completion-lane-v1	counts=2,2,3,0;elapsed_us=0,2150,0,0;max_depth=1;max_reorder=0
riffdb-writer-frame-census-v1	0,0,0,0,0,0
riffdb-writer-flush-census-v1	0,0,0,0,0,0,0
riffdb-writer-journal-stages-v1	0,0,0,0,0,0,0,0,0,0
riffdb-writer-publication-stages-v1	0,0,0,0,0,0,0,0,0
[riffdbd-stderr] riffdb-shutdown-release-v1	graph_storage_release=4742	post_graph_release=219	columnar_activations=0	columnar_population_passes=0
[riffdbd-stderr] riffdb-process-memory-baseline-v1
[riffdbd-stderr] [riffdbd-diag] trigger=startup clean_close_fast=true
[riffdbd-stderr] riffdb-startup-stages-v1	mode=clean_certificate	store_open=2029	evidence_begin=353	structural_drain=274	catalog_history=3745	evidence_finish=1294	port_activation=0	current_views=119	consumer_recovery=8	outbox_recovery=0	graph_rest=11646	process_to_ready=26436	transient_index_rebuilds=0	population_table_walk=none	columnar_cold_sources=1	columnar_activations=0	columnar_population_passes=0
riffdb-seed-start	total=19220	concurrency=128
riffdb-seed-progress	phase=comment	completed=11933/19220	overall_ms=2150	rate_ops_s=5550.2
riffdb-seed-progress	phase=ticket_label	completed=19220/19220	overall_ms=3001	rate_ops_s=6404.5
riffdb-seed-progress	phase=done	completed=19220/19220	overall_ms=3002	rate_ops_s=6402.4
[riffdbd-stderr] riffdb-shutdown-progress-v1	stage=service_jobs_idle	phase=begin	elapsed_us=0
[riffdbd-stderr] riffdb-shutdown-progress-v1	stage=service_jobs_idle	phase=complete	elapsed_us=0
[riffdbd-stderr] riffdb-shutdown-progress-v1	stage=exact_text_worker	phase=begin	elapsed_us=0
[riffdbd-stderr] riffdb-shutdown-progress-v1	stage=exact_text_worker	phase=complete	elapsed_us=39
[riffdbd-stderr] riffdb-shutdown-progress-v1	stage=columnar_worker	phase=begin	elapsed_us=0
[riffdbd-stderr] riffdb-shutdown-progress-v1	stage=columnar_worker	phase=complete	elapsed_us=265
[riffdbd-stderr] riffdb-shutdown-progress-v1	stage=projection_worker	phase=begin	elapsed_us=0
[riffdbd-stderr] riffdb-shutdown-progress-v1	stage=projection_worker	phase=complete	elapsed_us=101
[riffdbd-stderr] riffdb-shutdown-progress-v1	stage=notifications	phase=begin	elapsed_us=0
[riffdbd-stderr] riffdb-shutdown-progress-v1	stage=notifications	phase=complete	elapsed_us=0
[riffdbd-stderr] riffdb-shutdown-progress-v1	stage=coordinator	phase=begin	elapsed_us=0
[riffdbd-stderr] riffdb-shutdown-progress-v1	stage=coordinator	phase=complete	elapsed_us=526
[riffdbd-stderr] riffdb-shutdown-progress-v1	stage=blocking_ports	phase=begin	elapsed_us=0
[riffdbd-stderr] riffdb-shutdown-progress-v1	stage=blocking_ports	phase=complete	elapsed_us=93
[riffdbd-stderr] riffdb-shutdown-progress-v1	stage=validated_prefix_checkpoint_write	phase=begin	elapsed_us=0
[riffdbd-stderr] riffdb-shutdown-progress-v1	stage=validated_prefix_checkpoint_write	phase=complete	elapsed_us=209193
[riffdbd-stderr] riffdb-shutdown-progress-v1	stage=graph_storage_release	phase=begin	elapsed_us=0
[riffdbd-stderr] riffdb-shutdown-progress-v1	stage=graph_storage_release	phase=complete	elapsed_us=83291
riffdb-write-completion-groups-v1	0,0,0,0,0,0,0,1,0,1,0,0,0,0,0,18,0,1,1,0,0,0,0,0,0,0,0,1,0,0,2,81,0,1,0,2,0,0,0,0,1,0,0,0,0,0,0,60,0,1,0,1,0,0,0,0,0,0,0,0,0,0,0,1,0,0,0,2,0,0,0,0,0,0,0,0,0,0,0,58,0,0,0,0,0,0,1,0,0,0,0,0,0,1,0,69,2,0,0,0,0,0,0,0,0,0,0,0,1,1,0,9,0,0,0,0,0,0,0,0,0,0,0,0,0,0,0,0,0,0,0,0,0,0,0,0,0,0,0,0,0,0,0,0,0,0,0,0,0,0,0,0,0,0,0,0,0,0,0,0,0,0,0,0,0,0,0,0,0,0,0,0,0,0,0,0,0,0,0,0,0,0,0,0,0,0,0,0,0,0,0,0,0,0,0,0,0,0,0,0,0,0,0,0,0,0,0,0,0,0,0,0,0,0,0,0,0,0,0,0,0,0,0,0,0,0,0,0,0,0,0,0,0,0,0,0,0,0,0,0,0,0,0,0,0,0,0,0,0,0,0,0,0,0,0,0
[riffdbd-stderr] riffdb-shutdown-stage-labels-v1	service_jobs_idle,exact_text_worker,columnar_worker,projection_worker,notifications,coordinator,blocking_ports,validated_prefix_checkpoint_write
[riffdbd-stderr] riffdb-graceful-checkpoint-close-v1	left_stale	clean_committed	189699,13,19471
[riffdbd-stderr] riffdb-shutdown-release-v1	graph_storage_release=83291	post_graph_release=0	columnar_activations=0	columnar_population_passes=0
riffdb-dispatch-reasons-v1	0,0,321,0
riffdb-shutdown-stages-v1	210282	0,39,265,101,0,526,93,209193
riffdb-read-stages-v1	transport_adapt:0:0:0,0,0,0,0,0,0,0,0,0,0,0,0,0,0,0;authn:0:0:0,0,0,0,0,0,0,0,0,0,0,0,0,0,0,0;admission_context:0:0:0,0,0,0,0,0,0,0,0,0,0,0,0,0,0,0;spawn_dispatch:0:0:0,0,0,0,0,0,0,0,0,0,0,0,0,0,0,0;plan_lookup:0:0:0,0,0,0,0,0,0,0,0,0,0,0,0,0,0,0;param_materialize:0:0:0,0,0,0,0,0,0,0,0,0,0,0,0,0,0,0;authorize_begin:0:0:0,0,0,0,0,0,0,0,0,0,0,0,0,0,0,0;authorize_pre:0:0:0,0,0,0,0,0,0,0,0,0,0,0,0,0,0,0;execute:0:0:0,0,0,0,0,0,0,0,0,0,0,0,0,0,0,0;authorize_post:0:0:0,0,0,0,0,0,0,0,0,0,0,0,0,0,0,0;response_build:0:0:0,0,0,0,0,0,0,0,0,0,0,0,0,0,0,0;encode_convert:0:0:0,0,0,0,0,0,0,0,0,0,0,0,0,0,0,0;audit_finish:0:0:0,0,0,0,0,0,0,0,0,0,0,0,0,0,0,0;service_await:0:0:0,0,0,0,0,0,0,0,0,0,0,0,0,0,0,0;server_handler:0:0:0,0,0,0,0,0,0,0,0,0,0,0,0,0,0,0
riffdb-write-service-stages-v1	transport_adapt:0:0:0,0,0,0,0,0,0,0,0,0,0,0,0,0,0,0;service_prepare:19220:1565947:0,0,0,0,0,1,911,10068,17122,18923,19196,19220,19220,19220,19220,19220;coordinator_await:19220:340188095:0,0,0,0,0,0,0,0,0,0,0,1459,19220,19220,19220,19220;service_finish:19220:113221:0,329,3421,11081,15320,18373,19143,19213,19220,19220,19220,19220,19220,19220,19220,19220;encode_convert:0:0:0,0,0,0,0,0,0,0,0,0,0,0,0,0,0,0
riffdb-command-stages-v1	admission:317:118677:0,0,0,0,0,0,0,1,13,84,317,317,317,317,317,317;compatibility:317:17605:0,0,0,0,2,14,96,213,312,316,317,317,317,317,317,317;evaluation:317:166674:0,0,0,0,0,0,0,0,0,22,311,317,317,317,317,317;validation_encoding_staging:317:844146:0,0,0,0,0,0,0,0,0,1,29,307,317,317,317,317;publication:317:9110:53,230,292,315,316,316,316,316,316,316,316,317,317,317,317,317
riffdb-writer-evidence-v1	busy_us=2595354;idle_us=243488;dispatch_selected=19224;dispatch_deferred=0;dispatch_deferred_max=0;compatibility_selected=19220;compatibility_groups=317;compatibility_conflict_key_splits=0;compatibility_exact_access_splits=0;compatibility_commutative_shared_groups=0;queue_delay_estimate_us=14189;prepared_epoch_rollbacks=0;prepared_epoch_proof_mismatches=0;frontier_equivalence_checks=317;frontier_equivalence_failures=0	commit_us:317:2133679:0,0,0,0,0,0,0,0,0,0,0,289,317,317,317,317;flush_us:317:2133679:0,0,0,0,0,0,0,0,0,0,0,289,317,317,317,317;batch_size:317:19220:0,0,0,0,1,20,106,173,317,317,317,317,317,317,317,317;storage_queue_us:19220:106132360:0,0,0,0,0,0,0,22,189,813,2597,16446,19220,19220,19220,19220;group_residence_us:321:2010544:2,3,3,3,4,4,4,4,4,27,51,251,321,321,321,321;final_apply_us:317:437921:0,0,0,0,0,0,0,0,0,0,127,317,317,317,317,317;journal_submit_us:317:1352832:0,0,0,0,0,0,0,0,0,0,5,312,317,317,317,317;preparation_pool_depth:964:3841:482,482,482,482,964,964,964,964,964,964,964,964,964,964,964,964;reorder_buffer_occupancy:3841:32760:1799,1815,1872,2161,2509,3158,3594,3824,3841,3841,3841,3841,3841,3841,3841,3841
riffdb-completion-lane-v1	counts=321,321,155,0;elapsed_us=0,827931,316792,0;max_depth=3;max_reorder=0
riffdb-writer-frame-census-v1	317,19220,91537547,91537547,59866288,59866288
riffdb-writer-flush-census-v1	317,317,19220,91537547,1,480723,11524
riffdb-writer-journal-stages-v1	317,10695,3404,317,45135,449,14768,107,420514,11429
riffdb-writer-publication-stages-v1	317,669140,39362,0,0,229350,38308,198069,38300
[riffdbd-stderr] riffdb-shutdown-release-v1	graph_storage_release=83291	post_graph_release=5411	columnar_activations=0	columnar_population_passes=0
[riffdbd-stderr] riffdb-process-memory-baseline-v1
[riffdbd-stderr] [riffdbd-diag] trigger=startup clean_close_fast=true
[riffdbd-stderr] riffdb-startup-stages-v1	mode=clean_certificate	store_open=233369	evidence_begin=923	structural_drain=183	catalog_history=3424	evidence_finish=13513	port_activation=0	current_views=102	consumer_recovery=9	outbox_recovery=0	graph_rest=7780	process_to_ready=268684	transient_index_rebuilds=0	population_table_walk=none	columnar_cold_sources=1	columnar_activations=0	columnar_population_passes=0

== load riffdb_public_grpc profile=write_only clients=32 window=90.0s tenant=single_organization count=1 hot=0pct ==
throughput=2844 ops/s  logical_ops=255996  success=255996  conflict=0  idempotency_mismatch=0  unavailable=0  overloaded=0  replayed=0  error=0
latency p50=11.010ms p95=17.826ms p99=32.506ms max=53.387ms
  create_comment: n=179484 p50=11.010ms p99=32.506ms ok=179484 conflict=0 idempotency_mismatch=0 unavailable=0 replay=0 err=0
  close_ticket_with_comment: n=50802 p50=11.010ms p99=32.506ms ok=50802 conflict=0 idempotency_mismatch=0 unavailable=0 replay=0 err=0
  open_ticket_with_labels: n=25710 p50=11.010ms p99=32.506ms ok=25710 conflict=0 idempotency_mismatch=0 unavailable=0 replay=0 err=0
[riffdbd-stderr] riffdb-shutdown-progress-v1	stage=service_jobs_idle	phase=begin	elapsed_us=0
[riffdbd-stderr] riffdb-shutdown-progress-v1	stage=service_jobs_idle	phase=complete	elapsed_us=24203
[riffdbd-stderr] riffdb-shutdown-progress-v1	stage=exact_text_worker	phase=begin	elapsed_us=0
[riffdbd-stderr] riffdb-shutdown-progress-v1	stage=exact_text_worker	phase=complete	elapsed_us=47
[riffdbd-stderr] riffdb-shutdown-progress-v1	stage=columnar_worker	phase=begin	elapsed_us=0
[riffdbd-stderr] riffdb-shutdown-progress-v1	stage=columnar_worker	phase=complete	elapsed_us=863
[riffdbd-stderr] riffdb-shutdown-progress-v1	stage=projection_worker	phase=begin	elapsed_us=0
[riffdbd-stderr] riffdb-shutdown-progress-v1	stage=projection_worker	phase=complete	elapsed_us=133
[riffdbd-stderr] riffdb-shutdown-progress-v1	stage=notifications	phase=begin	elapsed_us=0
[riffdbd-stderr] riffdb-shutdown-progress-v1	stage=notifications	phase=complete	elapsed_us=0
[riffdbd-stderr] riffdb-shutdown-progress-v1	stage=coordinator	phase=begin	elapsed_us=0
[riffdbd-stderr] riffdb-shutdown-progress-v1	stage=coordinator	phase=complete	elapsed_us=785
[riffdbd-stderr] riffdb-shutdown-progress-v1	stage=blocking_ports	phase=begin	elapsed_us=0
[riffdbd-stderr] riffdb-shutdown-progress-v1	stage=blocking_ports	phase=complete	elapsed_us=278
[riffdbd-stderr] riffdb-shutdown-progress-v1	stage=validated_prefix_checkpoint_write	phase=begin	elapsed_us=0
[riffdbd-stderr] riffdb-shutdown-progress-v1	stage=validated_prefix_checkpoint_write	phase=complete	elapsed_us=268850
[riffdbd-stderr] riffdb-shutdown-progress-v1	stage=graph_storage_release	phase=begin	elapsed_us=0
[riffdbd-stderr] riffdb-shutdown-progress-v1	stage=graph_storage_release	phase=complete	elapsed_us=1581106
riffdb-write-completion-groups-v1	733,510,472,463,465,478,495,533,635,966,1469,1801,1946,1831,2004,2158,1516,1069,934,765,646,302,182,128,76,42,71,39,11,6,4,3,0,0,0,0,0,0,0,0,0,0,0,0,0,0,0,0,0,0,0,0,0,0,0,0,0,0,0,0,0,0,0,0,0,0,0,0,0,0,0,0,0,0,0,0,0,0,0,0,0,0,0,0,0,0,0,0,0,0,0,0,0,0,0,0,0,0,0,0,0,0,0,0,0,0,0,0,0,0,0,0,0,0,0,0,0,0,0,0,0,0,0,0,0,0,0,0,0,0,0,0,0,0,0,0,0,0,0,0,0,0,0,0,0,0,0,0,0,0,0,0,0,0,0,0,0,0,0,0,0,0,0,0,0,0,0,0,0,0,0,0,0,0,0,0,0,0,0,0,0,0,0,0,0,0,0,0,0,0,0,0,0,0,0,0,0,0,0,0,0,0,0,0,0,0,0,0,0,0,0,0,0,0,0,0,0,0,0,0,0,0,0,0,0,0,0,0,0,0,0,0,0,0,0,0,0,0,0,0,0,0,0,0,0,0,0,0,0,0,0,0,0,0,0,0
[riffdbd-stderr] riffdb-shutdown-stage-labels-v1	service_jobs_idle,exact_text_worker,columnar_worker,projection_worker,notifications,coordinator,blocking_ports,validated_prefix_checkpoint_write
[riffdbd-stderr] riffdb-graceful-checkpoint-close-v1	left_stale	clean_committed	247026,7,21798
riffdb-dispatch-reasons-v1	0,0,22753,0
riffdb-shutdown-stages-v1	295243	24203,47,863,133,0,785,278,268850
[riffdbd-stderr] riffdb-shutdown-release-v1	graph_storage_release=1581106	post_graph_release=0	columnar_activations=0	columnar_population_passes=0
riffdb-read-stages-v1	transport_adapt:96:182:6,44,80,93,95,95,96,96,96,96,96,96,96,96,96,96;authn:96:372:9,59,91,94,94,94,94,94,95,96,96,96,96,96,96,96;admission_context:96:16:81,95,96,96,96,96,96,96,96,96,96,96,96,96,96,96;spawn_dispatch:96:687:0,4,35,56,59,87,96,96,96,96,96,96,96,96,96,96;plan_lookup:96:84317:65,70,70,70,70,70,70,70,70,70,70,96,96,96,96,96;param_materialize:96:313:0,4,37,87,94,94,96,96,96,96,96,96,96,96,96,96;authorize_begin:96:475:0,3,14,71,91,93,95,95,96,96,96,96,96,96,96,96;authorize_pre:96:163:11,65,81,89,94,96,96,96,96,96,96,96,96,96,96,96;execute:96:833:0,3,13,46,65,89,92,95,95,96,96,96,96,96,96,96;authorize_post:96:44:64,90,93,96,96,96,96,96,96,96,96,96,96,96,96,96;response_build:96:21:78,93,96,96,96,96,96,96,96,96,96,96,96,96,96,96;encode_convert:96:139:58,63,85,87,91,96,96,96,96,96,96,96,96,96,96,96;audit_finish:96:0:96,96,96,96,96,96,96,96,96,96,96,96,96,96,96,96;service_await:96:90648:0,0,0,0,0,1,47,69,70,70,70,96,96,96,96,96;server_handler:96:91602:0,0,0,0,0,0,26,64,70,70,70,96,96,96,96,96
riffdb-write-service-stages-v1	transport_adapt:298857:1607380:0,2064,26997,122462,274568,296143,298689,298837,298851,298856,298857,298857,298857,298857,298857,298857;service_prepare:298857:32118353:0,0,0,0,0,0,691,52034,234492,292749,298660,298836,298857,298857,298857,298857;coordinator_await:298857:3235496744:0,0,0,0,0,0,0,0,0,0,0,130501,298825,298857,298857,298857;service_finish:298857:2374792:0,683,11118,72843,214651,278156,296197,298539,298773,298834,298856,298857,298857,298857,298857,298857;encode_convert:298857:887823:11023,97014,185389,255772,284526,295169,298388,298775,298829,298846,298857,298857,298857,298857,298857,298857
riffdb-command-stages-v1	admission:22753:2937188:0,0,0,0,35,762,1863,4221,14054,20723,22751,22753,22753,22753,22753,22753;compatibility:22753:347962:0,646,1382,2419,4938,15175,21477,22616,22748,22753,22753,22753,22753,22753,22753,22753;evaluation:22753:8973273:0,0,0,0,0,0,0,25,1310,6152,22390,22753,22753,22753,22753,22753;validation_encoding_staging:22753:26438572:0,0,0,0,0,0,0,69,760,1795,13096,22562,22752,22753,22753,22753;publication:22753:709914:14586,21516,22514,22733,22751,22752,22752,22752,22752,22752,22752,22752,22752,22753,22753,22753
riffdb-writer-evidence-v1	busy_us=68148255;idle_us=21689212;dispatch_selected=298857;dispatch_deferred=0;dispatch_deferred_max=0;compatibility_selected=298857;compatibility_groups=22753;compatibility_conflict_key_splits=26669;compatibility_exact_access_splits=0;compatibility_commutative_shared_groups=38;queue_delay_estimate_us=9070;prepared_epoch_rollbacks=0;prepared_epoch_proof_mismatches=0;frontier_equivalence_checks=22753;frontier_equivalence_failures=0	commit_us:22753:137344575:0,0,0,0,0,0,0,0,0,0,0,22016,22753,22753,22753,22753;flush_us:22753:137344575:0,0,0,0,0,0,0,0,0,0,0,22016,22753,22753,22753,22753;batch_size:22753:298857:0,733,1243,2178,4149,16959,22753,22753,22753,22753,22753,22753,22753,22753,22753,22753;storage_queue_us:298857:822618607:0,0,0,0,0,11,1237,10992,43066,115456,133447,292871,298836,298857,298857,298857;group_residence_us:22753:59406039:0,0,0,0,0,0,0,0,0,9388,10243,22288,22752,22753,22753,22753;final_apply_us:22753:9048612:0,0,0,0,0,0,0,511,1417,5186,22239,22753,22753,22753,22753,22753;journal_submit_us:22753:27648229:0,0,0,0,0,0,0,0,0,603,8707,22750,22753,22753,22753,22753;preparation_pool_depth:25108:62763:12554,14019,15027,16752,25108,25108,25108,25108,25108,25108,25108,25108,25108,25108,25108,25108;reorder_buffer_occupancy:62763:74226:35985,44393,52596,58503,62075,62760,62763,62763,62763,62763,62763,62763,62763,62763,62763,62763
riffdb-completion-lane-v1	counts=22753,22753,5796,0;elapsed_us=0,110911623,18417929,0;max_depth=6;max_reorder=0
riffdb-writer-frame-census-v1	22753,298857,1653103613,1653103613,1052729490,1052729490
riffdb-writer-flush-census-v1	19457,22753,298857,1653103613,3,68149189,19622
riffdb-writer-journal-stages-v1	22753,21427561,13852,19457,775610,174,485352,7595,66868897,19556
riffdb-writer-publication-stages-v1	22753,107562087,19793,0,0,4852268,3541,3904742,3533
[riffdbd-stderr] riffdb-shutdown-release-v1	graph_storage_release=1581106	post_graph_release=9530	columnar_activations=0	columnar_population_passes=0
[riffdbd-stderr] riffdb-process-memory-baseline-v1
[riffdbd-stderr] [riffdbd-diag] trigger=startup clean_close_fast=false decline=engine_initialized_at_open (full validation pass; cost scales with retained history)
[riffdbd-stderr] riffdb-startup-stages-v1	mode=complete_validation	store_open=21494	evidence_begin=127	structural_drain=62	catalog_history=20	evidence_finish=17	port_activation=18537	current_views=15	consumer_recovery=4	outbox_recovery=8	graph_rest=11062	process_to_ready=92722	transient_index_rebuilds=1	population_table_walk=observed	columnar_cold_sources=0	columnar_activations=0	columnar_population_passes=0
[riffdbd-stderr] riffdb-shutdown-progress-v1	stage=service_jobs_idle	phase=begin	elapsed_us=0
[riffdbd-stderr] riffdb-shutdown-progress-v1	stage=service_jobs_idle	phase=complete	elapsed_us=0
[riffdbd-stderr] riffdb-shutdown-progress-v1	stage=exact_text_worker	phase=begin	elapsed_us=0
[riffdbd-stderr] riffdb-shutdown-progress-v1	stage=exact_text_worker	phase=complete	elapsed_us=24
[riffdbd-stderr] riffdb-shutdown-progress-v1	stage=columnar_worker	phase=begin	elapsed_us=0
[riffdbd-stderr] riffdb-shutdown-progress-v1	stage=columnar_worker	phase=complete	elapsed_us=25
[riffdbd-stderr] riffdb-shutdown-progress-v1	stage=projection_worker	phase=begin	elapsed_us=0
[riffdbd-stderr] riffdb-shutdown-progress-v1	stage=projection_worker	phase=complete	elapsed_us=20
[riffdbd-stderr] riffdb-shutdown-progress-v1	stage=notifications	phase=begin	elapsed_us=0
[riffdbd-stderr] riffdb-shutdown-progress-v1	stage=notifications	phase=complete	elapsed_us=0
[riffdbd-stderr] riffdb-shutdown-progress-v1	stage=coordinator	phase=begin	elapsed_us=0
[riffdbd-stderr] riffdb-shutdown-progress-v1	stage=coordinator	phase=complete	elapsed_us=224
[riffdbd-stderr] riffdb-shutdown-progress-v1	stage=blocking_ports	phase=begin	elapsed_us=0
[riffdbd-stderr] riffdb-shutdown-progress-v1	stage=blocking_ports	phase=complete	elapsed_us=120
[riffdbd-stderr] riffdb-shutdown-progress-v1	stage=validated_prefix_checkpoint_write	phase=begin	elapsed_us=0
[riffdbd-stderr] riffdb-shutdown-progress-v1	stage=validated_prefix_checkpoint_write	phase=complete	elapsed_us=20125
[riffdbd-stderr] riffdb-shutdown-progress-v1	stage=graph_storage_release	phase=begin	elapsed_us=0
[riffdbd-stderr] riffdb-shutdown-progress-v1	stage=graph_storage_release	phase=complete	elapsed_us=4674
riffdb-write-completion-groups-v1	0,0,0,0,0,0,0,0,0,0,0,0,0,0,0,0,0,0,0,0,0,0,0,0,0,0,0,0,0,0,0,0,0,0,0,0,0,0,0,0,0,0,0,0,0,0,0,0,0,0,0,0,0,0,0,0,0,0,0,0,0,0,0,0,0,0,0,0,0,0,0,0,0,0,0,0,0,0,0,0,0,0,0,0,0,0,0,0,0,0,0,0,0,0,0,0,0,0,0,0,0,0,0,0,0,0,0,0,0,0,0,0,0,0,0,0,0,0,0,0,0,0,0,0,0,0,0,0,0,0,0,0,0,0,0,0,0,0,0,0,0,0,0,0,0,0,0,0,0,0,0,0,0,0,0,0,0,0,0,0,0,0,0,0,0,0,0,0,0,0,0,0,0,0,0,0,0,0,0,0,0,0,0,0,0,0,0,0,0,0,0,0,0,0,0,0,0,0,0,0,0,0,0,0,0,0,0,0,0,0,0,0,0,0,0,0,0,0,0,0,0,0,0,0,0,0,0,0,0,0,0,0,0,0,0,0,0,0,0,0,0,0,0,0,0,0,0,0,0,0,0,0,0,0,0,0
[riffdbd-stderr] riffdb-shutdown-stage-labels-v1	service_jobs_idle,exact_text_worker,columnar_worker,projection_worker,notifications,coordinator,blocking_ports,validated_prefix_checkpoint_write
[riffdbd-stderr] riffdb-graceful-checkpoint-close-v1	left_stale	clean_committed	15232,14,4870
riffdb-dispatch-reasons-v1	0,0,2,0
[riffdbd-stderr] riffdb-shutdown-release-v1	graph_storage_release=4674	post_graph_release=0	columnar_activations=0	columnar_population_passes=0
riffdb-shutdown-stages-v1	20593	0,24,25,20,0,224,120,20125
riffdb-read-stages-v1	transport_adapt:0:0:0,0,0,0,0,0,0,0,0,0,0,0,0,0,0,0;authn:0:0:0,0,0,0,0,0,0,0,0,0,0,0,0,0,0,0;admission_context:0:0:0,0,0,0,0,0,0,0,0,0,0,0,0,0,0,0;spawn_dispatch:0:0:0,0,0,0,0,0,0,0,0,0,0,0,0,0,0,0;plan_lookup:0:0:0,0,0,0,0,0,0,0,0,0,0,0,0,0,0,0;param_materialize:0:0:0,0,0,0,0,0,0,0,0,0,0,0,0,0,0,0;authorize_begin:0:0:0,0,0,0,0,0,0,0,0,0,0,0,0,0,0,0;authorize_pre:0:0:0,0,0,0,0,0,0,0,0,0,0,0,0,0,0,0;execute:0:0:0,0,0,0,0,0,0,0,0,0,0,0,0,0,0,0;authorize_post:0:0:0,0,0,0,0,0,0,0,0,0,0,0,0,0,0,0;response_build:0:0:0,0,0,0,0,0,0,0,0,0,0,0,0,0,0,0;encode_convert:0:0:0,0,0,0,0,0,0,0,0,0,0,0,0,0,0,0;audit_finish:0:0:0,0,0,0,0,0,0,0,0,0,0,0,0,0,0,0;service_await:0:0:0,0,0,0,0,0,0,0,0,0,0,0,0,0,0,0;server_handler:0:0:0,0,0,0,0,0,0,0,0,0,0,0,0,0,0,0
riffdb-write-service-stages-v1	transport_adapt:0:0:0,0,0,0,0,0,0,0,0,0,0,0,0,0,0,0;service_prepare:0:0:0,0,0,0,0,0,0,0,0,0,0,0,0,0,0,0;coordinator_await:0:0:0,0,0,0,0,0,0,0,0,0,0,0,0,0,0,0;service_finish:0:0:0,0,0,0,0,0,0,0,0,0,0,0,0,0,0,0;encode_convert:0:0:0,0,0,0,0,0,0,0,0,0,0,0,0,0,0,0
riffdb-command-stages-v1	admission:0:0:0,0,0,0,0,0,0,0,0,0,0,0,0,0,0,0;compatibility:0:0:0,0,0,0,0,0,0,0,0,0,0,0,0,0,0,0;evaluation:0:0:0,0,0,0,0,0,0,0,0,0,0,0,0,0,0,0;validation_encoding_staging:0:0:0,0,0,0,0,0,0,0,0,0,0,0,0,0,0,0;publication:0:0:0,0,0,0,0,0,0,0,0,0,0,0,0,0,0,0
riffdb-writer-evidence-v1	busy_us=55445;idle_us=6853;dispatch_selected=2;dispatch_deferred=0;dispatch_deferred_max=0;compatibility_selected=0;compatibility_groups=0;compatibility_conflict_key_splits=0;compatibility_exact_access_splits=0;compatibility_commutative_shared_groups=0;queue_delay_estimate_us=8653;prepared_epoch_rollbacks=0;prepared_epoch_proof_mismatches=0;frontier_equivalence_checks=0;frontier_equivalence_failures=0	commit_us:0:0:0,0,0,0,0,0,0,0,0,0,0,0,0,0,0,0;flush_us:0:0:0,0,0,0,0,0,0,0,0,0,0,0,0,0,0,0;batch_size:0:0:0,0,0,0,0,0,0,0,0,0,0,0,0,0,0,0;storage_queue_us:0:0:0,0,0,0,0,0,0,0,0,0,0,0,0,0,0,0;group_residence_us:2:2:0,2,2,2,2,2,2,2,2,2,2,2,2,2,2,2;final_apply_us:0:0:0,0,0,0,0,0,0,0,0,0,0,0,0,0,0,0;journal_submit_us:0:0:0,0,0,0,0,0,0,0,0,0,0,0,0,0,0,0;preparation_pool_depth:0:0:0,0,0,0,0,0,0,0,0,0,0,0,0,0,0,0;reorder_buffer_occupancy:0:0:0,0,0,0,0,0,0,0,0,0,0,0,0,0,0,0
riffdb-completion-lane-v1	counts=2,2,3,0;elapsed_us=0,2027,0,0;max_depth=1;max_reorder=0
riffdb-writer-frame-census-v1	0,0,0,0,0,0
riffdb-writer-flush-census-v1	0,0,0,0,0,0,0
riffdb-writer-journal-stages-v1	0,0,0,0,0,0,0,0,0,0
riffdb-writer-publication-stages-v1	0,0,0,0,0,0,0,0,0
[riffdbd-stderr] riffdb-shutdown-release-v1	graph_storage_release=4674	post_graph_release=271	columnar_activations=0	columnar_population_passes=0
[riffdbd-stderr] riffdb-process-memory-baseline-v1
[riffdbd-stderr] [riffdbd-diag] trigger=startup clean_close_fast=true
[riffdbd-stderr] riffdb-startup-stages-v1	mode=clean_certificate	store_open=2047	evidence_begin=310	structural_drain=274	catalog_history=3644	evidence_finish=1360	port_activation=0	current_views=104	consumer_recovery=10	outbox_recovery=0	graph_rest=9947	process_to_ready=24737	transient_index_rebuilds=0	population_table_walk=none	columnar_cold_sources=1	columnar_activations=0	columnar_population_passes=0
riffdb-seed-start	total=19220	concurrency=128
riffdb-seed-progress	phase=comment	completed=11933/19220	overall_ms=2154	rate_ops_s=5539.9
riffdb-seed-progress	phase=ticket_label	completed=19220/19220	overall_ms=2956	rate_ops_s=6502.0
riffdb-seed-progress	phase=done	completed=19220/19220	overall_ms=2956	rate_ops_s=6502.0
[riffdbd-stderr] riffdb-shutdown-progress-v1	stage=service_jobs_idle	phase=begin	elapsed_us=0
[riffdbd-stderr] riffdb-shutdown-progress-v1	stage=service_jobs_idle	phase=complete	elapsed_us=1
[riffdbd-stderr] riffdb-shutdown-progress-v1	stage=exact_text_worker	phase=begin	elapsed_us=0
[riffdbd-stderr] riffdb-shutdown-progress-v1	stage=exact_text_worker	phase=complete	elapsed_us=35
[riffdbd-stderr] riffdb-shutdown-progress-v1	stage=columnar_worker	phase=begin	elapsed_us=0
[riffdbd-stderr] riffdb-shutdown-progress-v1	stage=columnar_worker	phase=complete	elapsed_us=98
[riffdbd-stderr] riffdb-shutdown-progress-v1	stage=projection_worker	phase=begin	elapsed_us=0
[riffdbd-stderr] riffdb-shutdown-progress-v1	stage=projection_worker	phase=complete	elapsed_us=110
[riffdbd-stderr] riffdb-shutdown-progress-v1	stage=notifications	phase=begin	elapsed_us=0
[riffdbd-stderr] riffdb-shutdown-progress-v1	stage=notifications	phase=complete	elapsed_us=0
[riffdbd-stderr] riffdb-shutdown-progress-v1	stage=coordinator	phase=begin	elapsed_us=0
[riffdbd-stderr] riffdb-shutdown-progress-v1	stage=coordinator	phase=complete	elapsed_us=610
[riffdbd-stderr] riffdb-shutdown-progress-v1	stage=blocking_ports	phase=begin	elapsed_us=0
[riffdbd-stderr] riffdb-shutdown-progress-v1	stage=blocking_ports	phase=complete	elapsed_us=120
[riffdbd-stderr] riffdb-shutdown-progress-v1	stage=validated_prefix_checkpoint_write	phase=begin	elapsed_us=0
[riffdbd-stderr] riffdb-shutdown-progress-v1	stage=validated_prefix_checkpoint_write	phase=complete	elapsed_us=179789
[riffdbd-stderr] riffdb-shutdown-progress-v1	stage=graph_storage_release	phase=begin	elapsed_us=0
[riffdbd-stderr] riffdb-shutdown-progress-v1	stage=graph_storage_release	phase=complete	elapsed_us=72508
riffdb-write-completion-groups-v1	0,0,0,0,0,0,0,0,0,1,0,0,0,0,0,38,2,1,0,1,0,1,1,1,0,1,2,1,0,1,1,49,0,0,1,2,3,0,0,0,0,2,0,0,1,0,0,45,0,2,0,0,0,0,0,0,0,0,0,0,1,1,1,42,0,0,1,0,0,0,0,0,0,0,0,0,0,1,0,43,0,0,1,0,0,2,0,0,0,0,2,0,1,0,0,39,1,1,0,1,2,1,0,0,1,1,0,0,0,0,2,21,0,0,0,0,0,0,0,0,0,0,0,0,0,0,0,0,0,0,0,0,0,0,0,0,0,0,0,0,0,0,0,0,0,0,0,0,0,0,0,0,0,0,0,0,0,0,0,0,0,0,0,0,0,0,0,0,0,0,0,0,0,0,0,0,0,0,0,0,0,0,0,0,0,0,0,0,0,0,0,0,0,0,0,0,0,0,0,0,0,0,0,0,0,0,0,0,0,0,0,0,0,0,0,0,0,0,0,0,0,0,0,0,0,0,0,0,0,0,0,0,0,0,0,0,0,0,0,0,0,0,0,0,0,0,0,0,0,0,0,0,0,0,0,0
[riffdbd-stderr] riffdb-shutdown-stage-labels-v1	service_jobs_idle,exact_text_worker,columnar_worker,projection_worker,notifications,coordinator,blocking_ports,validated_prefix_checkpoint_write
[riffdbd-stderr] riffdb-graceful-checkpoint-close-v1	left_stale	clean_committed	161802,7,17967
riffdb-dispatch-reasons-v1	0,0,327,0
[riffdbd-stderr] riffdb-shutdown-release-v1	graph_storage_release=72509	post_graph_release=0	columnar_activations=0	columnar_population_passes=0
riffdb-shutdown-stages-v1	180834	1,35,98,110,0,610,120,179789
riffdb-read-stages-v1	transport_adapt:0:0:0,0,0,0,0,0,0,0,0,0,0,0,0,0,0,0;authn:0:0:0,0,0,0,0,0,0,0,0,0,0,0,0,0,0,0;admission_context:0:0:0,0,0,0,0,0,0,0,0,0,0,0,0,0,0,0;spawn_dispatch:0:0:0,0,0,0,0,0,0,0,0,0,0,0,0,0,0,0;plan_lookup:0:0:0,0,0,0,0,0,0,0,0,0,0,0,0,0,0,0;param_materialize:0:0:0,0,0,0,0,0,0,0,0,0,0,0,0,0,0,0;authorize_begin:0:0:0,0,0,0,0,0,0,0,0,0,0,0,0,0,0,0;authorize_pre:0:0:0,0,0,0,0,0,0,0,0,0,0,0,0,0,0,0;execute:0:0:0,0,0,0,0,0,0,0,0,0,0,0,0,0,0,0;authorize_post:0:0:0,0,0,0,0,0,0,0,0,0,0,0,0,0,0,0;response_build:0:0:0,0,0,0,0,0,0,0,0,0,0,0,0,0,0,0;encode_convert:0:0:0,0,0,0,0,0,0,0,0,0,0,0,0,0,0,0;audit_finish:0:0:0,0,0,0,0,0,0,0,0,0,0,0,0,0,0,0;service_await:0:0:0,0,0,0,0,0,0,0,0,0,0,0,0,0,0,0;server_handler:0:0:0,0,0,0,0,0,0,0,0,0,0,0,0,0,0,0
riffdb-write-service-stages-v1	transport_adapt:0:0:0,0,0,0,0,0,0,0,0,0,0,0,0,0,0,0;service_prepare:19220:1506477:0,0,0,0,0,1,1017,9946,17445,19097,19160,19220,19220,19220,19220,19220;coordinator_await:19220:334698932:0,0,0,0,0,0,0,0,0,0,0,1313,19220,19220,19220,19220;service_finish:19220:113292:0,217,3075,10939,15336,18337,19167,19216,19220,19220,19220,19220,19220,19220,19220,19220;encode_convert:0:0:0,0,0,0,0,0,0,0,0,0,0,0,0,0,0,0
riffdb-command-stages-v1	admission:323:115430:0,0,0,0,0,0,0,2,22,85,323,323,323,323,323,323;compatibility:323:17051:0,0,0,0,1,25,85,229,319,323,323,323,323,323,323,323;evaluation:323:167331:0,0,0,0,0,0,0,0,0,21,320,323,323,323,323,323;validation_encoding_staging:323:823514:0,0,0,0,0,0,0,0,0,1,51,313,323,323,323,323;publication:323:7946:56,230,303,321,322,322,322,322,322,322,322,323,323,323,323,323
riffdb-writer-evidence-v1	busy_us=2547354;idle_us=237732;dispatch_selected=19224;dispatch_deferred=0;dispatch_deferred_max=0;compatibility_selected=19220;compatibility_groups=323;compatibility_conflict_key_splits=0;compatibility_exact_access_splits=0;compatibility_commutative_shared_groups=1;queue_delay_estimate_us=13205;prepared_epoch_rollbacks=0;prepared_epoch_proof_mismatches=0;frontier_equivalence_checks=323;frontier_equivalence_failures=0	commit_us:323:2115103:0,0,0,0,0,0,0,0,0,0,0,293,323,323,323,323;flush_us:323:2115103:0,0,0,0,0,0,0,0,0,0,0,293,323,323,323,323;batch_size:323:19220:0,0,0,0,0,39,101,202,323,323,323,323,323,323,323,323;storage_queue_us:19220:102585456:0,0,0,0,0,0,0,26,223,982,2572,16703,19220,19220,19220,19220;group_residence_us:327:1990211:0,3,3,3,4,4,4,4,4,33,51,259,327,327,327,327;final_apply_us:323:436885:0,0,0,0,0,0,0,0,0,2,142,323,323,323,323,323;journal_submit_us:323:1329389:0,0,0,0,0,0,0,0,0,0,1,319,323,323,323,323;preparation_pool_depth:980:3891:490,490,490,490,980,980,980,980,980,980,980,980,980,980,980,980;reorder_buffer_occupancy:3891:32955:1753,1772,1912,2166,2605,3227,3671,3870,3891,3891,3891,3891,3891,3891,3891,3891
riffdb-completion-lane-v1	counts=327,327,159,0;elapsed_us=0,830704,317661,0;max_depth=3;max_reorder=0
riffdb-writer-frame-census-v1	323,19220,91542032,91542032,59867045,59867045
riffdb-writer-flush-census-v1	323,323,19220,91542032,1,481500,14319
riffdb-writer-journal-stages-v1	323,3143,164,323,45852,523,14021,116,421324,14262
riffdb-writer-publication-stages-v1	323,667071,40483,0,0,235321,39528,202960,39520
[riffdbd-stderr] riffdb-shutdown-release-v1	graph_storage_release=72509	post_graph_release=5881	columnar_activations=0	columnar_population_passes=0
[riffdbd-stderr] riffdb-process-memory-baseline-v1
[riffdbd-stderr] [riffdbd-diag] trigger=startup clean_close_fast=true
[riffdbd-stderr] riffdb-startup-stages-v1	mode=clean_certificate	store_open=225560	evidence_begin=1927	structural_drain=225	catalog_history=3407	evidence_finish=5630	port_activation=0	current_views=111	consumer_recovery=9	outbox_recovery=0	graph_rest=9651	process_to_ready=253663	transient_index_rebuilds=0	population_table_walk=none	columnar_cold_sources=1	columnar_activations=0	columnar_population_passes=0

== load riffdb_public_grpc profile=write_only clients=32 window=90.0s tenant=single_organization count=1 hot=0pct ==
throughput=2861 ops/s  logical_ops=257483  success=257483  conflict=0  idempotency_mismatch=0  unavailable=0  overloaded=0  replayed=0  error=0
latency p50=11.010ms p95=17.826ms p99=32.506ms max=60.647ms
  create_comment: n=180515 p50=11.010ms p99=32.506ms ok=180515 conflict=0 idempotency_mismatch=0 unavailable=0 replay=0 err=0
  close_ticket_with_comment: n=51114 p50=11.010ms p99=32.506ms ok=51114 conflict=0 idempotency_mismatch=0 unavailable=0 replay=0 err=0
  open_ticket_with_labels: n=25854 p50=11.010ms p99=32.506ms ok=25854 conflict=0 idempotency_mismatch=0 unavailable=0 replay=0 err=0
[riffdbd-stderr] riffdb-shutdown-progress-v1	stage=service_jobs_idle	phase=begin	elapsed_us=0
[riffdbd-stderr] riffdb-shutdown-progress-v1	stage=service_jobs_idle	phase=complete	elapsed_us=48709
[riffdbd-stderr] riffdb-shutdown-progress-v1	stage=exact_text_worker	phase=begin	elapsed_us=0
[riffdbd-stderr] riffdb-shutdown-progress-v1	stage=exact_text_worker	phase=complete	elapsed_us=33
[riffdbd-stderr] riffdb-shutdown-progress-v1	stage=columnar_worker	phase=begin	elapsed_us=0
[riffdbd-stderr] riffdb-shutdown-progress-v1	stage=columnar_worker	phase=complete	elapsed_us=3523
[riffdbd-stderr] riffdb-shutdown-progress-v1	stage=projection_worker	phase=begin	elapsed_us=0
[riffdbd-stderr] riffdb-shutdown-progress-v1	stage=projection_worker	phase=complete	elapsed_us=155
[riffdbd-stderr] riffdb-shutdown-progress-v1	stage=notifications	phase=begin	elapsed_us=0
[riffdbd-stderr] riffdb-shutdown-progress-v1	stage=notifications	phase=complete	elapsed_us=0
[riffdbd-stderr] riffdb-shutdown-progress-v1	stage=coordinator	phase=begin	elapsed_us=0
[riffdbd-stderr] riffdb-shutdown-progress-v1	stage=coordinator	phase=complete	elapsed_us=948
[riffdbd-stderr] riffdb-shutdown-progress-v1	stage=blocking_ports	phase=begin	elapsed_us=0
[riffdbd-stderr] riffdb-shutdown-progress-v1	stage=blocking_ports	phase=complete	elapsed_us=162
[riffdbd-stderr] riffdb-shutdown-progress-v1	stage=validated_prefix_checkpoint_write	phase=begin	elapsed_us=0
[riffdbd-stderr] riffdb-shutdown-progress-v1	stage=validated_prefix_checkpoint_write	phase=complete	elapsed_us=340383
[riffdbd-stderr] riffdb-shutdown-progress-v1	stage=graph_storage_release	phase=begin	elapsed_us=0
[riffdbd-stderr] riffdb-shutdown-progress-v1	stage=graph_storage_release	phase=complete	elapsed_us=1577782
[riffdbd-stderr] riffdb-shutdown-stage-labels-v1	service_jobs_idle,exact_text_worker,columnar_worker,projection_worker,notifications,coordinator,blocking_ports,validated_prefix_checkpoint_write
[riffdbd-stderr] riffdb-graceful-checkpoint-close-v1	left_stale	clean_committed	329112,7,11244
riffdb-write-completion-groups-v1	793,512,465,460,467,496,537,608,662,898,1383,1739,1896,2081,2078,1487,1616,1323,924,783,562,307,166,187,143,78,47,33,26,4,32,1,0,0,0,0,0,0,0,0,0,0,0,0,0,0,0,0,0,0,0,0,0,0,0,0,0,0,0,0,0,0,0,0,0,0,0,0,0,0,0,0,0,0,0,0,0,0,0,0,0,0,0,0,0,0,0,0,0,0,0,0,0,0,0,0,0,0,0,0,0,0,0,0,0,0,0,0,0,0,0,0,0,0,0,0,0,0,0,0,0,0,0,0,0,0,0,0,0,0,0,0,0,0,0,0,0,0,0,0,0,0,0,0,0,0,0,0,0,0,0,0,0,0,0,0,0,0,0,0,0,0,0,0,0,0,0,0,0,0,0,0,0,0,0,0,0,0,0,0,0,0,0,0,0,0,0,0,0,0,0,0,0,0,0,0,0,0,0,0,0,0,0,0,0,0,0,0,0,0,0,0,0,0,0,0,0,0,0,0,0,0,0,0,0,0,0,0,0,0,0,0,0,0,0,0,0,0,0,0,0,0,0,0,0,0,0,0,0,0,0,0,0,0,0,0
[riffdbd-stderr] riffdb-shutdown-release-v1	graph_storage_release=1577782	post_graph_release=0	columnar_activations=0	columnar_population_passes=0
riffdb-dispatch-reasons-v1	0,0,22794,0
riffdb-shutdown-stages-v1	393992	48709,33,3523,155,0,948,162,340383
riffdb-read-stages-v1	transport_adapt:96:361:1,24,71,89,92,92,92,96,96,96,96,96,96,96,96,96;authn:96:1353:1,42,82,89,89,89,89,89,89,96,96,96,96,96,96,96;admission_context:96:13:84,95,96,96,96,96,96,96,96,96,96,96,96,96,96,96;spawn_dispatch:96:912:0,3,18,45,61,74,93,96,96,96,96,96,96,96,96,96;plan_lookup:96:95276:67,70,70,70,70,70,70,70,70,70,70,96,96,96,96,96;param_materialize:96:348:0,3,24,85,91,95,96,96,96,96,96,96,96,96,96,96;authorize_begin:96:536:0,0,13,61,85,90,96,96,96,96,96,96,96,96,96,96;authorize_pre:96:168:3,64,83,92,94,96,96,96,96,96,96,96,96,96,96,96;execute:96:1063:0,0,8,35,60,86,89,94,96,96,96,96,96,96,96,96;authorize_post:96:66:46,90,94,95,95,96,96,96,96,96,96,96,96,96,96,96;response_build:96:27:75,90,96,96,96,96,96,96,96,96,96,96,96,96,96,96;encode_convert:96:104:57,68,86,92,93,96,96,96,96,96,96,96,96,96,96,96;audit_finish:96:0:96,96,96,96,96,96,96,96,96,96,96,96,96,96,96,96;service_await:96:102362:0,0,0,0,0,4,35,70,70,70,70,96,96,96,96,96;server_handler:96:104436:0,0,0,0,0,2,21,67,70,70,70,96,96,96,96,96
riffdb-write-service-stages-v1	transport_adapt:299807:1655638:0,1308,23191,115326,272849,297092,299612,299771,299790,299803,299807,299807,299807,299807,299807,299807;service_prepare:299807:32298634:0,0,0,0,0,0,611,49071,233312,292820,299550,299807,299807,299807,299807,299807;coordinator_await:299807:3234041439:0,0,0,0,0,0,0,0,0,0,0,132140,299775,299807,299807,299807;service_finish:299807:2383454:0,753,10853,72088,215001,279488,297233,299504,299729,299775,299806,299807,299807,299807,299807,299807;encode_convert:299807:902634:10428,92372,181012,255529,285323,296112,299374,299741,299780,299797,299807,299807,299807,299807,299807,299807
riffdb-command-stages-v1	admission:22794:2984768:0,0,0,0,18,752,1833,4126,13788,20636,22793,22794,22794,22794,22794,22794;compatibility:22794:348275:0,704,1446,2470,5018,15248,21470,22637,22790,22792,22794,22794,22794,22794,22794,22794;evaluation:22794:9076969:0,0,0,0,0,0,0,24,1384,6100,22448,22794,22794,22794,22794,22794;validation_encoding_staging:22794:26122115:0,0,0,0,0,0,0,64,780,1833,12684,22603,22794,22794,22794,22794;publication:22794:712195:13324,21323,22526,22774,22791,22793,22793,22793,22793,22793,22793,22793,22793,22794,22794,22794
riffdb-writer-evidence-v1	busy_us=68198977;idle_us=21836802;dispatch_selected=299807;dispatch_deferred=0;dispatch_deferred_max=0;compatibility_selected=299807;compatibility_groups=22794;compatibility_conflict_key_splits=26822;compatibility_exact_access_splits=0;compatibility_commutative_shared_groups=38;queue_delay_estimate_us=4162;prepared_epoch_rollbacks=0;prepared_epoch_proof_mismatches=0;frontier_equivalence_checks=22794;frontier_equivalence_failures=0	commit_us:22794:135763332:0,0,0,0,0,0,0,0,0,0,0,22315,22794,22794,22794,22794;flush_us:22794:135763332:0,0,0,0,0,0,0,0,0,0,0,22315,22794,22794,22794,22794;batch_size:22794:299807:0,793,1305,2230,4338,16562,22794,22794,22794,22794,22794,22794,22794,22794,22794,22794;storage_queue_us:299807:806328675:0,0,0,0,0,10,1195,10757,42359,114439,132868,293643,299807,299807,299807,299807;group_residence_us:22794:58835408:0,0,0,0,0,0,0,0,0,9342,10183,22284,22794,22794,22794,22794;final_apply_us:22794:9188147:0,0,0,0,0,0,0,534,1434,5023,22274,22794,22794,22794,22794,22794;journal_submit_us:22794:27848289:0,0,0,0,0,0,0,0,0,616,8580,22791,22794,22794,22794,22794;preparation_pool_depth:25672:64136:12836,14399,15411,17081,25672,25672,25672,25672,25672,25672,25672,25672,25672,25672,25672,25672;reorder_buffer_occupancy:64136:76747:36271,45190,53602,59746,63422,64130,64136,64136,64136,64136,64136,64136,64136,64136,64136,64136
riffdb-completion-lane-v1	counts=22794,22794,5772,0;elapsed_us=0,109131237,18215137,0;max_depth=6;max_reorder=0
riffdb-writer-frame-census-v1	22794,299807,1660343323,1660343323,1057519126,1057519126
riffdb-writer-flush-census-v1	19570,22794,299807,1660343323,4,67763125,15766
riffdb-writer-journal-stages-v1	22794,20626557,12066,19570,783498,132,496994,5683,66463245,15726
riffdb-writer-publication-stages-v1	22794,105792427,30517,7,4,4924213,27528,3951695,27521
[riffdbd-stderr] riffdb-shutdown-release-v1	graph_storage_release=1577782	post_graph_release=13081	columnar_activations=0	columnar_population_passes=0
[riffdbd-stderr] riffdb-process-memory-baseline-v1
[riffdbd-stderr] [riffdbd-diag] trigger=startup clean_close_fast=false decline=engine_initialized_at_open (full validation pass; cost scales with retained history)
[riffdbd-stderr] riffdb-startup-stages-v1	mode=complete_validation	store_open=21592	evidence_begin=123	structural_drain=66	catalog_history=20	evidence_finish=16	port_activation=17820	current_views=16	consumer_recovery=3	outbox_recovery=5	graph_rest=11812	process_to_ready=88812	transient_index_rebuilds=1	population_table_walk=observed	columnar_cold_sources=0	columnar_activations=0	columnar_population_passes=0
[riffdbd-stderr] riffdb-shutdown-progress-v1	stage=service_jobs_idle	phase=begin	elapsed_us=0
[riffdbd-stderr] riffdb-shutdown-progress-v1	stage=service_jobs_idle	phase=complete	elapsed_us=0
[riffdbd-stderr] riffdb-shutdown-progress-v1	stage=exact_text_worker	phase=begin	elapsed_us=0
[riffdbd-stderr] riffdb-shutdown-progress-v1	stage=exact_text_worker	phase=complete	elapsed_us=27
[riffdbd-stderr] riffdb-shutdown-progress-v1	stage=columnar_worker	phase=begin	elapsed_us=0
[riffdbd-stderr] riffdb-shutdown-progress-v1	stage=columnar_worker	phase=complete	elapsed_us=24
[riffdbd-stderr] riffdb-shutdown-progress-v1	stage=projection_worker	phase=begin	elapsed_us=0
[riffdbd-stderr] riffdb-shutdown-progress-v1	stage=projection_worker	phase=complete	elapsed_us=20
[riffdbd-stderr] riffdb-shutdown-progress-v1	stage=notifications	phase=begin	elapsed_us=0
[riffdbd-stderr] riffdb-shutdown-progress-v1	stage=notifications	phase=complete	elapsed_us=0
[riffdbd-stderr] riffdb-shutdown-progress-v1	stage=coordinator	phase=begin	elapsed_us=0
[riffdbd-stderr] riffdb-shutdown-progress-v1	stage=coordinator	phase=complete	elapsed_us=249
[riffdbd-stderr] riffdb-shutdown-progress-v1	stage=blocking_ports	phase=begin	elapsed_us=0
[riffdbd-stderr] riffdb-shutdown-progress-v1	stage=blocking_ports	phase=complete	elapsed_us=131
[riffdbd-stderr] riffdb-shutdown-progress-v1	stage=validated_prefix_checkpoint_write	phase=begin	elapsed_us=0
[riffdbd-stderr] riffdb-shutdown-progress-v1	stage=validated_prefix_checkpoint_write	phase=complete	elapsed_us=21236
[riffdbd-stderr] riffdb-shutdown-progress-v1	stage=graph_storage_release	phase=begin	elapsed_us=0
[riffdbd-stderr] riffdb-shutdown-progress-v1	stage=graph_storage_release	phase=complete	elapsed_us=5149
riffdb-write-completion-groups-v1	0,0,0,0,0,0,0,0,0,0,0,0,0,0,0,0,0,0,0,0,0,0,0,0,0,0,0,0,0,0,0,0,0,0,0,0,0,0,0,0,0,0,0,0,0,0,0,0,0,0,0,0,0,0,0,0,0,0,0,0,0,0,0,0,0,0,0,0,0,0,0,0,0,0,0,0,0,0,0,0,0,0,0,0,0,0,0,0,0,0,0,0,0,0,0,0,0,0,0,0,0,0,0,0,0,0,0,0,0,0,0,0,0,0,0,0,0,0,0,0,0,0,0,0,0,0,0,0,0,0,0,0,0,0,0,0,0,0,0,0,0,0,0,0,0,0,0,0,0,0,0,0,0,0,0,0,0,0,0,0,0,0,0,0,0,0,0,0,0,0,0,0,0,0,0,0,0,0,0,0,0,0,0,0,0,0,0,0,0,0,0,0,0,0,0,0,0,0,0,0,0,0,0,0,0,0,0,0,0,0,0,0,0,0,0,0,0,0,0,0,0,0,0,0,0,0,0,0,0,0,0,0,0,0,0,0,0,0,0,0,0,0,0,0,0,0,0,0,0,0,0,0,0,0,0,0
[riffdbd-stderr] riffdb-shutdown-stage-labels-v1	service_jobs_idle,exact_text_worker,columnar_worker,projection_worker,notifications,coordinator,blocking_ports,validated_prefix_checkpoint_write
[riffdbd-stderr] riffdb-graceful-checkpoint-close-v1	left_stale	clean_committed	14493,15,6720
riffdb-dispatch-reasons-v1	0,0,2,0
[riffdbd-stderr] riffdb-shutdown-release-v1	graph_storage_release=5149	post_graph_release=0	columnar_activations=0	columnar_population_passes=0
riffdb-shutdown-stages-v1	21748	0,27,24,20,0,249,131,21236
riffdb-read-stages-v1	transport_adapt:0:0:0,0,0,0,0,0,0,0,0,0,0,0,0,0,0,0;authn:0:0:0,0,0,0,0,0,0,0,0,0,0,0,0,0,0,0;admission_context:0:0:0,0,0,0,0,0,0,0,0,0,0,0,0,0,0,0;spawn_dispatch:0:0:0,0,0,0,0,0,0,0,0,0,0,0,0,0,0,0;plan_lookup:0:0:0,0,0,0,0,0,0,0,0,0,0,0,0,0,0,0;param_materialize:0:0:0,0,0,0,0,0,0,0,0,0,0,0,0,0,0,0;authorize_begin:0:0:0,0,0,0,0,0,0,0,0,0,0,0,0,0,0,0;authorize_pre:0:0:0,0,0,0,0,0,0,0,0,0,0,0,0,0,0,0;execute:0:0:0,0,0,0,0,0,0,0,0,0,0,0,0,0,0,0;authorize_post:0:0:0,0,0,0,0,0,0,0,0,0,0,0,0,0,0,0;response_build:0:0:0,0,0,0,0,0,0,0,0,0,0,0,0,0,0,0;encode_convert:0:0:0,0,0,0,0,0,0,0,0,0,0,0,0,0,0,0;audit_finish:0:0:0,0,0,0,0,0,0,0,0,0,0,0,0,0,0,0;service_await:0:0:0,0,0,0,0,0,0,0,0,0,0,0,0,0,0,0;server_handler:0:0:0,0,0,0,0,0,0,0,0,0,0,0,0,0,0,0
riffdb-write-service-stages-v1	transport_adapt:0:0:0,0,0,0,0,0,0,0,0,0,0,0,0,0,0,0;service_prepare:0:0:0,0,0,0,0,0,0,0,0,0,0,0,0,0,0,0;coordinator_await:0:0:0,0,0,0,0,0,0,0,0,0,0,0,0,0,0,0;service_finish:0:0:0,0,0,0,0,0,0,0,0,0,0,0,0,0,0,0;encode_convert:0:0:0,0,0,0,0,0,0,0,0,0,0,0,0,0,0,0
riffdb-command-stages-v1	admission:0:0:0,0,0,0,0,0,0,0,0,0,0,0,0,0,0,0;compatibility:0:0:0,0,0,0,0,0,0,0,0,0,0,0,0,0,0,0;evaluation:0:0:0,0,0,0,0,0,0,0,0,0,0,0,0,0,0,0;validation_encoding_staging:0:0:0,0,0,0,0,0,0,0,0,0,0,0,0,0,0,0;publication:0:0:0,0,0,0,0,0,0,0,0,0,0,0,0,0,0,0
riffdb-writer-evidence-v1	busy_us=53752;idle_us=7247;dispatch_selected=2;dispatch_deferred=0;dispatch_deferred_max=0;compatibility_selected=0;compatibility_groups=0;compatibility_conflict_key_splits=0;compatibility_exact_access_splits=0;compatibility_commutative_shared_groups=0;queue_delay_estimate_us=8467;prepared_epoch_rollbacks=0;prepared_epoch_proof_mismatches=0;frontier_equivalence_checks=0;frontier_equivalence_failures=0	commit_us:0:0:0,0,0,0,0,0,0,0,0,0,0,0,0,0,0,0;flush_us:0:0:0,0,0,0,0,0,0,0,0,0,0,0,0,0,0,0;batch_size:0:0:0,0,0,0,0,0,0,0,0,0,0,0,0,0,0,0;storage_queue_us:0:0:0,0,0,0,0,0,0,0,0,0,0,0,0,0,0,0;group_residence_us:2:2:0,2,2,2,2,2,2,2,2,2,2,2,2,2,2,2;final_apply_us:0:0:0,0,0,0,0,0,0,0,0,0,0,0,0,0,0,0;journal_submit_us:0:0:0,0,0,0,0,0,0,0,0,0,0,0,0,0,0,0;preparation_pool_depth:0:0:0,0,0,0,0,0,0,0,0,0,0,0,0,0,0,0;reorder_buffer_occupancy:0:0:0,0,0,0,0,0,0,0,0,0,0,0,0,0,0,0
riffdb-completion-lane-v1	counts=2,2,3,0;elapsed_us=0,3196,0,0;max_depth=1;max_reorder=0
riffdb-writer-frame-census-v1	0,0,0,0,0,0
riffdb-writer-flush-census-v1	0,0,0,0,0,0,0
riffdb-writer-journal-stages-v1	0,0,0,0,0,0,0,0,0,0
riffdb-writer-publication-stages-v1	0,0,0,0,0,0,0,0,0
[riffdbd-stderr] riffdb-shutdown-release-v1	graph_storage_release=5149	post_graph_release=224	columnar_activations=0	columnar_population_passes=0
[riffdbd-stderr] riffdb-process-memory-baseline-v1
[riffdbd-stderr] [riffdbd-diag] trigger=startup clean_close_fast=true
[riffdbd-stderr] riffdb-startup-stages-v1	mode=clean_certificate	store_open=2136	evidence_begin=304	structural_drain=281	catalog_history=3673	evidence_finish=1329	port_activation=0	current_views=106	consumer_recovery=4	outbox_recovery=0	graph_rest=9879	process_to_ready=24905	transient_index_rebuilds=0	population_table_walk=none	columnar_cold_sources=1	columnar_activations=0	columnar_population_passes=0
riffdb-seed-start	total=19220	concurrency=128
riffdb-seed-progress	phase=comment	completed=11933/19220	overall_ms=2192	rate_ops_s=5443.9
riffdb-seed-progress	phase=ticket_label	completed=19220/19220	overall_ms=3033	rate_ops_s=6337.0
riffdb-seed-progress	phase=done	completed=19220/19220	overall_ms=3033	rate_ops_s=6337.0
[riffdbd-stderr] riffdb-shutdown-progress-v1	stage=service_jobs_idle	phase=begin	elapsed_us=0
[riffdbd-stderr] riffdb-shutdown-progress-v1	stage=service_jobs_idle	phase=complete	elapsed_us=1
[riffdbd-stderr] riffdb-shutdown-progress-v1	stage=exact_text_worker	phase=begin	elapsed_us=0
[riffdbd-stderr] riffdb-shutdown-progress-v1	stage=exact_text_worker	phase=complete	elapsed_us=20
[riffdbd-stderr] riffdb-shutdown-progress-v1	stage=columnar_worker	phase=begin	elapsed_us=0
[riffdbd-stderr] riffdb-shutdown-progress-v1	stage=columnar_worker	phase=complete	elapsed_us=218
[riffdbd-stderr] riffdb-shutdown-progress-v1	stage=projection_worker	phase=begin	elapsed_us=0
[riffdbd-stderr] riffdb-shutdown-progress-v1	stage=projection_worker	phase=complete	elapsed_us=85
[riffdbd-stderr] riffdb-shutdown-progress-v1	stage=notifications	phase=begin	elapsed_us=0
[riffdbd-stderr] riffdb-shutdown-progress-v1	stage=notifications	phase=complete	elapsed_us=0
[riffdbd-stderr] riffdb-shutdown-progress-v1	stage=coordinator	phase=begin	elapsed_us=0
[riffdbd-stderr] riffdb-shutdown-progress-v1	stage=coordinator	phase=complete	elapsed_us=547
[riffdbd-stderr] riffdb-shutdown-progress-v1	stage=blocking_ports	phase=begin	elapsed_us=0
[riffdbd-stderr] riffdb-shutdown-progress-v1	stage=blocking_ports	phase=complete	elapsed_us=143
[riffdbd-stderr] riffdb-shutdown-progress-v1	stage=validated_prefix_checkpoint_write	phase=begin	elapsed_us=0
[riffdbd-stderr] riffdb-shutdown-progress-v1	stage=validated_prefix_checkpoint_write	phase=complete	elapsed_us=206015
[riffdbd-stderr] riffdb-shutdown-progress-v1	stage=graph_storage_release	phase=begin	elapsed_us=0
[riffdbd-stderr] riffdb-shutdown-progress-v1	stage=graph_storage_release	phase=complete	elapsed_us=76455
riffdb-write-completion-groups-v1	0,0,0,0,0,0,0,0,0,1,0,0,0,0,0,20,0,1,0,0,1,0,0,1,0,0,0,2,0,0,0,32,0,0,1,1,0,1,0,3,0,0,0,0,1,1,0,54,1,1,0,2,1,1,0,0,0,0,0,0,0,0,0,87,0,0,0,0,0,0,0,0,0,0,1,0,0,0,1,55,0,0,1,0,0,0,0,1,0,1,0,1,1,0,0,24,0,0,0,1,0,0,0,1,0,0,1,0,0,1,0,11,0,0,0,0,0,0,0,0,0,0,0,0,0,0,0,0,0,0,0,0,0,0,0,0,0,0,0,0,0,0,0,0,0,0,0,0,0,0,0,0,0,0,0,0,0,0,0,0,0,0,0,0,0,0,0,0,0,0,0,0,0,0,0,0,0,0,0,0,0,0,0,0,0,0,0,0,0,0,0,0,0,0,0,0,0,0,0,0,0,0,0,0,0,0,0,0,0,0,0,0,0,0,0,0,0,0,0,0,0,0,0,0,0,0,0,0,0,0,0,0,0,0,0,0,0,0,0,0,0,0,0,0,0,0,0,0,0,0,0,0,0,0,0,0
[riffdbd-stderr] riffdb-shutdown-stage-labels-v1	service_jobs_idle,exact_text_worker,columnar_worker,projection_worker,notifications,coordinator,blocking_ports,validated_prefix_checkpoint_write
[riffdbd-stderr] riffdb-graceful-checkpoint-close-v1	left_stale	clean_committed	185854,8,20142
riffdb-dispatch-reasons-v1	0,0,318,0
[riffdbd-stderr] riffdb-shutdown-release-v1	graph_storage_release=76455	post_graph_release=0	columnar_activations=0	columnar_population_passes=0
riffdb-shutdown-stages-v1	207087	1,20,218,85,0,547,143,206015
riffdb-read-stages-v1	transport_adapt:0:0:0,0,0,0,0,0,0,0,0,0,0,0,0,0,0,0;authn:0:0:0,0,0,0,0,0,0,0,0,0,0,0,0,0,0,0;admission_context:0:0:0,0,0,0,0,0,0,0,0,0,0,0,0,0,0,0;spawn_dispatch:0:0:0,0,0,0,0,0,0,0,0,0,0,0,0,0,0,0;plan_lookup:0:0:0,0,0,0,0,0,0,0,0,0,0,0,0,0,0,0;param_materialize:0:0:0,0,0,0,0,0,0,0,0,0,0,0,0,0,0,0;authorize_begin:0:0:0,0,0,0,0,0,0,0,0,0,0,0,0,0,0,0;authorize_pre:0:0:0,0,0,0,0,0,0,0,0,0,0,0,0,0,0,0;execute:0:0:0,0,0,0,0,0,0,0,0,0,0,0,0,0,0,0;authorize_post:0:0:0,0,0,0,0,0,0,0,0,0,0,0,0,0,0,0;response_build:0:0:0,0,0,0,0,0,0,0,0,0,0,0,0,0,0,0;encode_convert:0:0:0,0,0,0,0,0,0,0,0,0,0,0,0,0,0,0;audit_finish:0:0:0,0,0,0,0,0,0,0,0,0,0,0,0,0,0,0;service_await:0:0:0,0,0,0,0,0,0,0,0,0,0,0,0,0,0,0;server_handler:0:0:0,0,0,0,0,0,0,0,0,0,0,0,0,0,0,0
riffdb-write-service-stages-v1	transport_adapt:0:0:0,0,0,0,0,0,0,0,0,0,0,0,0,0,0,0;service_prepare:19220:1465582:0,0,0,0,0,4,837,9382,17437,19110,19212,19220,19220,19220,19220,19220;coordinator_await:19220:345003784:0,0,0,0,0,0,0,0,0,0,0,667,19220,19220,19220,19220;service_finish:19220:105369:0,465,3925,11658,15882,18488,19167,19220,19220,19220,19220,19220,19220,19220,19220,19220;encode_convert:0:0:0,0,0,0,0,0,0,0,0,0,0,0,0,0,0,0
riffdb-command-stages-v1	admission:314:116287:0,0,0,0,0,0,0,1,10,64,314,314,314,314,314,314;compatibility:314:17453:0,0,0,0,1,14,56,221,310,314,314,314,314,314,314,314;evaluation:314:177681:0,0,0,0,0,0,0,0,0,14,310,314,314,314,314,314;validation_encoding_staging:314:874567:0,0,0,0,0,0,0,0,0,0,24,304,314,314,314,314;publication:314:8346:46,237,297,313,313,313,313,313,313,313,313,314,314,314,314,314
riffdb-writer-evidence-v1	busy_us=2633294;idle_us=237241;dispatch_selected=19224;dispatch_deferred=0;dispatch_deferred_max=0;compatibility_selected=19220;compatibility_groups=314;compatibility_conflict_key_splits=0;compatibility_exact_access_splits=0;compatibility_commutative_shared_groups=1;queue_delay_estimate_us=15727;prepared_epoch_rollbacks=0;prepared_epoch_proof_mismatches=0;frontier_equivalence_checks=314;frontier_equivalence_failures=0	commit_us:314:2133778:0,0,0,0,0,0,0,0,0,0,0,287,314,314,314,314;flush_us:314:2133778:0,0,0,0,0,0,0,0,0,0,0,287,314,314,314,314;batch_size:314:19220:0,0,0,0,0,21,58,213,314,314,314,314,314,314,314,314;storage_queue_us:19220:117851889:0,0,0,0,0,0,0,19,179,803,1727,17196,19220,19220,19220,19220;group_residence_us:318:2023317:2,3,3,3,4,4,4,4,4,28,37,272,318,318,318,318;final_apply_us:314:444053:0,0,0,0,0,0,0,0,0,1,97,314,314,314,314,314;journal_submit_us:314:1353687:0,0,0,0,0,0,0,0,0,0,1,310,314,314,314,314;preparation_pool_depth:948:3777:474,474,474,474,948,948,948,948,948,948,948,948,948,948,948,948;reorder_buffer_occupancy:3777:32264:1782,1793,1868,2016,2509,3129,3580,3759,3777,3777,3777,3777,3777,3777,3777,3777
riffdb-completion-lane-v1	counts=318,318,157,0;elapsed_us=0,823389,308881,0;max_depth=3;max_reorder=0
riffdb-writer-frame-census-v1	314,19220,91532417,91532417,59865793,59865793
riffdb-writer-flush-census-v1	314,314,19220,91532417,1,461818,6581
riffdb-writer-journal-stages-v1	314,3540,468,314,46413,511,14449,125,400640,6379
riffdb-writer-publication-stages-v1	314,663112,43671,0,0,247331,41721,218903,41708
[riffdbd-stderr] riffdb-shutdown-release-v1	graph_storage_release=76455	post_graph_release=1888	columnar_activations=0	columnar_population_passes=0
[riffdbd-stderr] riffdb-process-memory-baseline-v1
[riffdbd-stderr] [riffdbd-diag] trigger=startup clean_close_fast=true
[riffdbd-stderr] riffdb-startup-stages-v1	mode=clean_certificate	store_open=218532	evidence_begin=2832	structural_drain=208	catalog_history=3354	evidence_finish=2807	port_activation=0	current_views=79	consumer_recovery=4	outbox_recovery=0	graph_rest=9672	process_to_ready=244476	transient_index_rebuilds=0	population_table_walk=none	columnar_cold_sources=1	columnar_activations=0	columnar_population_passes=0

== load riffdb_public_grpc profile=write_only clients=32 window=90.0s tenant=single_organization count=1 hot=0pct ==
throughput=2860 ops/s  logical_ops=257427  success=257427  conflict=0  idempotency_mismatch=0  unavailable=0  overloaded=0  replayed=0  error=0
latency p50=11.010ms p95=17.826ms p99=32.506ms max=64.993ms
  create_comment: n=180470 p50=11.010ms p99=32.506ms ok=180470 conflict=0 idempotency_mismatch=0 unavailable=0 replay=0 err=0
  close_ticket_with_comment: n=51105 p50=11.010ms p99=32.506ms ok=51105 conflict=0 idempotency_mismatch=0 unavailable=0 replay=0 err=0
  open_ticket_with_labels: n=25852 p50=11.010ms p99=32.506ms ok=25852 conflict=0 idempotency_mismatch=0 unavailable=0 replay=0 err=0
[riffdbd-stderr] riffdb-shutdown-progress-v1	stage=service_jobs_idle	phase=begin	elapsed_us=0
[riffdbd-stderr] riffdb-shutdown-progress-v1	stage=service_jobs_idle	phase=complete	elapsed_us=33989
[riffdbd-stderr] riffdb-shutdown-progress-v1	stage=exact_text_worker	phase=begin	elapsed_us=0
[riffdbd-stderr] riffdb-shutdown-progress-v1	stage=exact_text_worker	phase=complete	elapsed_us=45
[riffdbd-stderr] riffdb-shutdown-progress-v1	stage=columnar_worker	phase=begin	elapsed_us=0
[riffdbd-stderr] riffdb-shutdown-progress-v1	stage=columnar_worker	phase=complete	elapsed_us=2622
[riffdbd-stderr] riffdb-shutdown-progress-v1	stage=projection_worker	phase=begin	elapsed_us=0
[riffdbd-stderr] riffdb-shutdown-progress-v1	stage=projection_worker	phase=complete	elapsed_us=100
[riffdbd-stderr] riffdb-shutdown-progress-v1	stage=notifications	phase=begin	elapsed_us=0
[riffdbd-stderr] riffdb-shutdown-progress-v1	stage=notifications	phase=complete	elapsed_us=0
[riffdbd-stderr] riffdb-shutdown-progress-v1	stage=coordinator	phase=begin	elapsed_us=0
[riffdbd-stderr] riffdb-shutdown-progress-v1	stage=coordinator	phase=complete	elapsed_us=862
[riffdbd-stderr] riffdb-shutdown-progress-v1	stage=blocking_ports	phase=begin	elapsed_us=0
[riffdbd-stderr] riffdb-shutdown-progress-v1	stage=blocking_ports	phase=complete	elapsed_us=263
[riffdbd-stderr] riffdb-shutdown-progress-v1	stage=validated_prefix_checkpoint_write	phase=begin	elapsed_us=0
[riffdbd-stderr] riffdb-shutdown-progress-v1	stage=validated_prefix_checkpoint_write	phase=complete	elapsed_us=429215
[riffdbd-stderr] riffdb-shutdown-progress-v1	stage=graph_storage_release	phase=begin	elapsed_us=0
[riffdbd-stderr] riffdb-shutdown-progress-v1	stage=graph_storage_release	phase=complete	elapsed_us=1627647
riffdb-write-completion-groups-v1	768,551,470,466,467,581,475,478,737,941,1241,1935,1898,2129,1965,1807,1570,1304,853,958,452,304,169,80,45,129,19,60,12,28,9,2,0,0,0,0,0,0,0,0,0,0,0,0,0,0,0,0,0,0,0,0,0,0,0,0,0,0,0,0,0,0,0,0,0,0,0,0,0,0,0,0,0,0,0,0,0,0,0,0,0,0,0,0,0,0,0,0,0,0,0,0,0,0,0,0,0,0,0,0,0,0,0,0,0,0,0,0,0,0,0,0,0,0,0,0,0,0,0,0,0,0,0,0,0,0,0,0,0,0,0,0,0,0,0,0,0,0,0,0,0,0,0,0,0,0,0,0,0,0,0,0,0,0,0,0,0,0,0,0,0,0,0,0,0,0,0,0,0,0,0,0,0,0,0,0,0,0,0,0,0,0,0,0,0,0,0,0,0,0,0,0,0,0,0,0,0,0,0,0,0,0,0,0,0,0,0,0,0,0,0,0,0,0,0,0,0,0,0,0,0,0,0,0,0,0,0,0,0,0,0,0,0,0,0,0,0,0,0,0,0,0,0,0,0,0,0,0,0,0,0,0,0,0,0,0
[riffdbd-stderr] riffdb-shutdown-stage-labels-v1	service_jobs_idle,exact_text_worker,columnar_worker,projection_worker,notifications,coordinator,blocking_ports,validated_prefix_checkpoint_write
[riffdbd-stderr] riffdb-graceful-checkpoint-close-v1	left_stale	clean_committed	417105,11,12075
riffdb-dispatch-reasons-v1	0,0,22903,0
[riffdbd-stderr] riffdb-shutdown-release-v1	graph_storage_release=1627647	post_graph_release=0	columnar_activations=0	columnar_population_passes=0
riffdb-shutdown-stages-v1	467177	33989,45,2622,100,0,862,263,429215
riffdb-read-stages-v1	transport_adapt:96:229:4,27,76,89,94,94,96,96,96,96,96,96,96,96,96,96;authn:96:539:13,46,88,91,93,93,93,93,94,96,96,96,96,96,96,96;admission_context:96:16:80,96,96,96,96,96,96,96,96,96,96,96,96,96,96,96;spawn_dispatch:96:714:0,8,30,49,64,83,96,96,96,96,96,96,96,96,96,96;plan_lookup:96:42807:70,76,77,78,78,78,78,78,78,78,78,96,96,96,96,96;param_materialize:96:393:0,9,34,81,90,94,95,96,96,96,96,96,96,96,96,96;authorize_begin:96:659:0,1,14,52,85,90,94,95,96,96,96,96,96,96,96,96;authorize_pre:96:141:14,53,87,95,95,96,96,96,96,96,96,96,96,96,96,96;execute:96:738:0,3,17,37,63,87,94,96,96,96,96,96,96,96,96,96;authorize_post:96:56:53,89,94,95,96,96,96,96,96,96,96,96,96,96,96,96;response_build:96:24:78,94,95,95,96,96,96,96,96,96,96,96,96,96,96,96;encode_convert:96:97:59,63,82,92,96,96,96,96,96,96,96,96,96,96,96,96;audit_finish:96:0:96,96,96,96,96,96,96,96,96,96,96,96,96,96,96,96;service_await:96:47780:0,0,0,0,0,6,37,75,78,78,78,96,96,96,96,96;server_handler:96:48909:0,0,0,0,0,4,17,69,78,78,78,96,96,96,96,96
riffdb-write-service-stages-v1	transport_adapt:299614:1638113:0,1767,25131,116927,273335,296860,299442,299595,299607,299613,299614,299614,299614,299614,299614,299614;service_prepare:299614:32163017:0,0,0,0,0,0,661,51468,236092,293883,299399,299593,299614,299614,299614,299614;coordinator_await:299614:3235041722:0,0,0,0,0,0,0,0,0,0,0,132045,299582,299614,299614,299614;service_finish:299614:2379027:0,801,10881,72753,215929,279281,296959,299294,299524,299582,299610,299614,299614,299614,299614,299614;encode_convert:299614:897082:9666,92659,182066,256015,285374,296000,299211,299552,299596,299606,299613,299614,299614,299614,299614,299614
riffdb-command-stages-v1	admission:22903:2968483:0,0,0,0,31,758,1858,4359,14122,20810,22900,22903,22903,22903,22903,22903;compatibility:22903:345562:0,710,1463,2541,5196,15534,21615,22756,22898,22902,22903,22903,22903,22903,22903,22903;evaluation:22903:9089977:0,0,0,0,0,0,0,34,1357,5948,22537,22903,22903,22903,22903,22903;validation_encoding_staging:22903:26679807:0,0,0,0,0,0,0,73,756,1852,13042,22711,22902,22903,22903,22903;publication:22903:713916:15052,22072,22764,22891,22901,22901,22901,22901,22901,22901,22902,22902,22902,22903,22903,22903
riffdb-writer-evidence-v1	busy_us=68973111;idle_us=21162463;dispatch_selected=299614;dispatch_deferred=0;dispatch_deferred_max=0;compatibility_selected=299614;compatibility_groups=22903;compatibility_conflict_key_splits=26689;compatibility_exact_access_splits=0;compatibility_commutative_shared_groups=30;queue_delay_estimate_us=3689;prepared_epoch_rollbacks=0;prepared_epoch_proof_mismatches=0;frontier_equivalence_checks=22903;frontier_equivalence_failures=0	commit_us:22903:137104724:0,0,0,0,0,0,0,0,0,0,0,22448,22903,22903,22903,22903;flush_us:22903:137104724:0,0,0,0,0,0,0,0,0,0,0,22448,22903,22903,22903,22903;batch_size:22903:299614:0,768,1319,2255,4256,16909,22903,22903,22903,22903,22903,22903,22903,22903,22903,22903;storage_queue_us:299614:822906089:0,0,0,0,0,20,1298,11116,43123,115683,134107,293400,299593,299614,299614,299614;group_residence_us:22903:59733436:0,0,0,0,0,0,0,0,0,9381,10280,22402,22902,22903,22903,22903;final_apply_us:22903:9163852:0,0,0,0,0,0,0,507,1451,5229,22379,22903,22903,22903,22903,22903;journal_submit_us:22903:28079846:0,0,0,0,0,0,0,0,0,597,8457,22899,22903,22903,22903,22903;preparation_pool_depth:25718:63895:12859,14391,15452,17142,25718,25718,25718,25718,25718,25718,25718,25718,25718,25718,25718,25718;reorder_buffer_occupancy:63895:80235:35434,44244,52753,59142,63140,63889,63895,63895,63895,63895,63895,63895,63895,63895,63895,63895
riffdb-completion-lane-v1	counts=22903,22903,5769,0;elapsed_us=0,110235667,18076132,0;max_depth=6;max_reorder=0
riffdb-writer-frame-census-v1	22903,299614,1660518556,1660518556,1057538030,1057538030
riffdb-writer-flush-census-v1	19592,22903,299614,1660518556,3,68007668,19880
riffdb-writer-journal-stages-v1	22903,21006398,14388,19592,782249,138,475492,4442,66730480,19828
riffdb-writer-publication-stages-v1	22903,106932368,36829,0,0,4878915,33761,3908927,33754
[riffdbd-stderr] riffdb-shutdown-release-v1	graph_storage_release=1627647	post_graph_release=9829	columnar_activations=0	columnar_population_passes=0
wrote /home/user/tmp/wp749-local-paired-20260916/archive-enabled.json
report: /home/user/tmp/wp749-local-paired-20260916/archive-enabled.json
